// Jest Snapshot v1, https://goo.gl/fbAQLP

exports[`Initial case 1 1`] = `
<div
  title="tooltip"
>
  Hello world!
</div>
`;
