// Jest Snapshot v1, https://goo.gl/fbAQLP

exports[`SignIn component should render 1`] = `
<form>
  <div
    className="cr-sign-in-form"
    onKeyPress={[Function]}
  >
    <div
      className="cr-sign-in-form__options-group"
    >
      <div
        className="cr-sign-in-form__option"
      >
        <div
          className="cr-sign-in-form__option-inner __selected"
        >
          Sign In
        </div>
      </div>
      <div
        className="cr-sign-in-form__option"
      >
        <div
          className="cr-sign-in-form__option-inner cr-sign-in-form__tab-signup"
          onClick={[MockFunction]}
        >
          Sign Up
        </div>
      </div>
    </div>
    <div
      className="cr-sign-in-form__form-content"
    >
      <div
        className="cr-sign-in-form__group"
      >
        <CustomInput
          autoFocus={true}
          classNameLabel="cr-sign-in-form__label"
          defaultLabel="Email"
          handleChangeInput={[Function]}
          handleFocusInput={[Function]}
          inputValue=""
          label="Email"
          placeholder=""
          type="email"
        />
      </div>
      <div
        className="cr-sign-in-form__group"
      >
        <CustomInput
          autoFocus={false}
          classNameLabel="cr-sign-in-form__label"
          defaultLabel="Password"
          handleChangeInput={[Function]}
          handleFocusInput={[Function]}
          inputValue=""
          label="Password"
          placeholder=""
          type="password"
        />
      </div>
      <div
        className="cr-sign-in-form__button-wrapper"
      >
        <Button
          active={false}
          block={true}
          disabled={true}
          onClick={[Function]}
          size="lg"
          type="button"
          variant="primary"
        >
          Sign in
        </Button>
      </div>
      <div
        className="cr-sign-in-form__bottom-section"
      >
        <div
          className="cr-sign-in-form__bottom-section-password"
          onClick={[Function]}
        >
          Forgot your password?
        </div>
      </div>
    </div>
  </div>
</form>
`;
