// Jest Snapshot v1, https://goo.gl/fbAQLP

exports[`ProfileTwoFactorAuthScreen test should render 1`] = `<Connect(InjectIntl(withRouter(Connect(ToggleTwoFactorAuthComponent)))) />`;
